
[kfold] 10-fold SGKF | PSR_FILTER_transformer_lm | lm=ablang

── Fold 1/10 ──
  Train=10,138 pos=52.6%  Val=1,127 pos=52.6%
[auto_loss] n=10,138  min_class_rate=47.4%  → loss=weighted_ce
  class_weights=[1.0547232627868652, 0.9506751894950867]
Epoch 001/20  train_loss=0.7563  train_acc=0.5346  |  val_loss=0.6173  val_auc=0.7274
Epoch 002/20  train_loss=0.7075  train_acc=0.5874  |  val_loss=0.6149  val_auc=0.7451
Epoch 003/20  train_loss=0.6874  train_acc=0.6086  |  val_loss=0.6011  val_auc=0.7660
Epoch 004/20  train_loss=0.6614  train_acc=0.6305  |  val_loss=0.5838  val_auc=0.7879
Epoch 005/20  train_loss=0.6422  train_acc=0.6432  |  val_loss=0.5515  val_auc=0.8143
Epoch 006/20  train_loss=0.6044  train_acc=0.6895  |  val_loss=0.4873  val_auc=0.8515
Epoch 007/20  train_loss=0.5343  train_acc=0.7423  |  val_loss=0.3680  val_auc=0.9184
Epoch 008/20  train_loss=0.4330  train_acc=0.8069  |  val_loss=0.3579  val_auc=0.9263
Epoch 009/20  train_loss=0.4029  train_acc=0.8203  |  val_loss=0.3500  val_auc=0.9288
Epoch 010/20  train_loss=0.3884  train_acc=0.8272  |  val_loss=0.3268  val_auc=0.9352
Epoch 011/20  train_loss=0.3757  train_acc=0.8359  |  val_loss=0.3384  val_auc=0.9354
Epoch 012/20  train_loss=0.3652  train_acc=0.8389  |  val_loss=0.3491  val_auc=0.9367
Epoch 013/20  train_loss=0.3620  train_acc=0.8450  |  val_loss=0.3393  val_auc=0.9352
Epoch 014/20  train_loss=0.3496  train_acc=0.8488  |  val_loss=0.3184  val_auc=0.9395
Epoch 015/20  train_loss=0.3435  train_acc=0.8517  |  val_loss=0.3364  val_auc=0.9374
Epoch 016/20  train_loss=0.3426  train_acc=0.8513  |  val_loss=0.3155  val_auc=0.9408
Epoch 017/20  train_loss=0.3409  train_acc=0.8546  |  val_loss=0.3391  val_auc=0.9396
Epoch 018/20  train_loss=0.3302  train_acc=0.8607  |  val_loss=0.3030  val_auc=0.9462
Epoch 019/20  train_loss=0.3278  train_acc=0.8610  |  val_loss=0.3349  val_auc=0.9416
Epoch 020/20  train_loss=0.3237  train_acc=0.8639  |  val_loss=0.3484  val_auc=0.9418
  → Best weights restored  (val_auc=0.9462)
  Fold 1 → AUC=0.9462  Acc=0.8864  F1=0.8856  Prec=0.8915  Rec=0.8864  Rec(Fail)=0.8165
  [preds] Fold 1 → fold_preds_psr_filter_ablang_transformer_lm_ipi_psr_trainset_fold1_k10.csv

── Fold 2/10 ──
  Train=10,138 pos=52.6%  Val=1,127 pos=52.6%
[auto_loss] n=10,138  min_class_rate=47.4%  → loss=weighted_ce
  class_weights=[1.0547232627868652, 0.9506751894950867]
Epoch 001/20  train_loss=0.7559  train_acc=0.5281  |  val_loss=0.6299  val_auc=0.7212
Epoch 002/20  train_loss=0.7000  train_acc=0.5876  |  val_loss=0.6317  val_auc=0.7349
Epoch 003/20  train_loss=0.6768  train_acc=0.6153  |  val_loss=0.6273  val_auc=0.7532
Epoch 004/20  train_loss=0.6548  train_acc=0.6401  |  val_loss=0.6014  val_auc=0.7742
Epoch 005/20  train_loss=0.6291  train_acc=0.6650  |  val_loss=0.5699  val_auc=0.7990
Epoch 006/20  train_loss=0.5873  train_acc=0.7031  |  val_loss=0.4931  val_auc=0.8459
Epoch 007/20  train_loss=0.4791  train_acc=0.7810  |  val_loss=0.3998  val_auc=0.9127
Epoch 008/20  train_loss=0.4090  train_acc=0.8219  |  val_loss=0.3809  val_auc=0.9227
Epoch 009/20  train_loss=0.3846  train_acc=0.8297  |  val_loss=0.3781  val_auc=0.9267
Epoch 010/20  train_loss=0.3697  train_acc=0.8381  |  val_loss=0.3904  val_auc=0.9276
Epoch 011/20  train_loss=0.3643  train_acc=0.8410  |  val_loss=0.3817  val_auc=0.9294
Epoch 012/20  train_loss=0.3530  train_acc=0.8469  |  val_loss=0.3944  val_auc=0.9303
Epoch 013/20  train_loss=0.3480  train_acc=0.8522  |  val_loss=0.3866  val_auc=0.9329
Epoch 014/20  train_loss=0.3460  train_acc=0.8511  |  val_loss=0.3755  val_auc=0.9337
Epoch 015/20  train_loss=0.3350  train_acc=0.8576  |  val_loss=0.3795  val_auc=0.9335
Epoch 016/20  train_loss=0.3301  train_acc=0.8619  |  val_loss=0.3894  val_auc=0.9344
Epoch 017/20  train_loss=0.3365  train_acc=0.8607  |  val_loss=0.3891  val_auc=0.9345
Epoch 018/20  train_loss=0.3310  train_acc=0.8620  |  val_loss=0.3840  val_auc=0.9349
Epoch 019/20  train_loss=0.3235  train_acc=0.8628  |  val_loss=0.3860  val_auc=0.9350
Epoch 020/20  train_loss=0.3210  train_acc=0.8656  |  val_loss=0.3799  val_auc=0.9361
  → Best weights restored  (val_auc=0.9361)
  Fold 2 → AUC=0.9361  Acc=0.8687  F1=0.8678  Prec=0.8731  Rec=0.8687  Rec(Fail)=0.7996
  [preds] Fold 2 → fold_preds_psr_filter_ablang_transformer_lm_ipi_psr_trainset_fold2_k10.csv

── Fold 3/10 ──
  Train=10,138 pos=52.6%  Val=1,127 pos=52.6%
[auto_loss] n=10,138  min_class_rate=47.4%  → loss=weighted_ce
  class_weights=[1.0547232627868652, 0.9506751894950867]
Epoch 001/20  train_loss=0.7508  train_acc=0.5511  |  val_loss=0.6241  val_auc=0.7225
Epoch 002/20  train_loss=0.7117  train_acc=0.5890  |  val_loss=0.6212  val_auc=0.7460
Epoch 003/20  train_loss=0.6880  train_acc=0.6085  |  val_loss=0.5978  val_auc=0.7687
Epoch 004/20  train_loss=0.6538  train_acc=0.6374  |  val_loss=0.5718  val_auc=0.7973
Epoch 005/20  train_loss=0.6346  train_acc=0.6617  |  val_loss=0.5292  val_auc=0.8336
Epoch 006/20  train_loss=0.5771  train_acc=0.7082  |  val_loss=0.4381  val_auc=0.8857
Epoch 007/20  train_loss=0.4852  train_acc=0.7760  |  val_loss=0.3808  val_auc=0.9194
Epoch 008/20  train_loss=0.4139  train_acc=0.8164  |  val_loss=0.3767  val_auc=0.9245
Epoch 009/20  train_loss=0.3971  train_acc=0.8234  |  val_loss=0.3665  val_auc=0.9289
Epoch 010/20  train_loss=0.3858  train_acc=0.8306  |  val_loss=0.3663  val_auc=0.9323
Epoch 011/20  train_loss=0.3707  train_acc=0.8370  |  val_loss=0.3685  val_auc=0.9336
Epoch 012/20  train_loss=0.3679  train_acc=0.8437  |  val_loss=0.3473  val_auc=0.9372
Epoch 013/20  train_loss=0.3554  train_acc=0.8423  |  val_loss=0.3556  val_auc=0.9372
Epoch 014/20  train_loss=0.3493  train_acc=0.8479  |  val_loss=0.3516  val_auc=0.9390
Epoch 015/20  train_loss=0.3465  train_acc=0.8546  |  val_loss=0.3406  val_auc=0.9418
Epoch 016/20  train_loss=0.3420  train_acc=0.8543  |  val_loss=0.3458  val_auc=0.9408
Epoch 017/20  train_loss=0.3331  train_acc=0.8555  |  val_loss=0.3527  val_auc=0.9441
Epoch 018/20  train_loss=0.3346  train_acc=0.8586  |  val_loss=0.3361  val_auc=0.9467
Epoch 019/20  train_loss=0.3346  train_acc=0.8561  |  val_loss=0.3341  val_auc=0.9442
Epoch 020/20  train_loss=0.3233  train_acc=0.8635  |  val_loss=0.3358  val_auc=0.9474
  → Best weights restored  (val_auc=0.9474)
  Fold 3 → AUC=0.9474  Acc=0.8882  F1=0.8878  Prec=0.8901  Rec=0.8882  Rec(Fail)=0.8408
  [preds] Fold 3 → fold_preds_psr_filter_ablang_transformer_lm_ipi_psr_trainset_fold3_k10.csv

── Fold 4/10 ──
  Train=10,138 pos=52.6%  Val=1,127 pos=52.6%
[auto_loss] n=10,138  min_class_rate=47.4%  → loss=weighted_ce
  class_weights=[1.0547232627868652, 0.9506751894950867]
Epoch 001/20  train_loss=0.7498  train_acc=0.5469  |  val_loss=0.6536  val_auc=0.6970
Epoch 002/20  train_loss=0.7065  train_acc=0.5891  |  val_loss=0.6826  val_auc=0.7165
Epoch 003/20  train_loss=0.6859  train_acc=0.6073  |  val_loss=0.6622  val_auc=0.7361
Epoch 004/20  train_loss=0.6571  train_acc=0.6344  |  val_loss=0.6313  val_auc=0.7598
Epoch 005/20  train_loss=0.6317  train_acc=0.6647  |  val_loss=0.5977  val_auc=0.7903
Epoch 006/20  train_loss=0.5888  train_acc=0.6999  |  val_loss=0.5159  val_auc=0.8336
Epoch 007/20  train_loss=0.5037  train_acc=0.7639  |  val_loss=0.4357  val_auc=0.8984
Epoch 008/20  train_loss=0.4153  train_acc=0.8183  |  val_loss=0.4017  val_auc=0.9180
Epoch 009/20  train_loss=0.3977  train_acc=0.8297  |  val_loss=0.4147  val_auc=0.9213
Epoch 010/20  train_loss=0.3876  train_acc=0.8327  |  val_loss=0.4258  val_auc=0.9242
Epoch 011/20  train_loss=0.3646  train_acc=0.8439  |  val_loss=0.4322  val_auc=0.9277
Epoch 012/20  train_loss=0.3638  train_acc=0.8446  |  val_loss=0.3731  val_auc=0.9315
Epoch 013/20  train_loss=0.3535  train_acc=0.8485  |  val_loss=0.3999  val_auc=0.9311
Epoch 014/20  train_loss=0.3482  train_acc=0.8523  |  val_loss=0.3845  val_auc=0.9328
Epoch 015/20  train_loss=0.3393  train_acc=0.8521  |  val_loss=0.3556  val_auc=0.9351
Epoch 016/20  train_loss=0.3393  train_acc=0.8572  |  val_loss=0.3492  val_auc=0.9366
Epoch 017/20  train_loss=0.3357  train_acc=0.8575  |  val_loss=0.3611  val_auc=0.9375
Epoch 018/20  train_loss=0.3288  train_acc=0.8614  |  val_loss=0.3473  val_auc=0.9391
Epoch 019/20  train_loss=0.3234  train_acc=0.8617  |  val_loss=0.3347  val_auc=0.9403
Epoch 020/20  train_loss=0.3219  train_acc=0.8645  |  val_loss=0.3454  val_auc=0.9405
  → Best weights restored  (val_auc=0.9405)
  Fold 4 → AUC=0.9405  Acc=0.8749  F1=0.8743  Prec=0.8774  Rec=0.8749  Rec(Fail)=0.8202
  [preds] Fold 4 → fold_preds_psr_filter_ablang_transformer_lm_ipi_psr_trainset_fold4_k10.csv

── Fold 5/10 ──
  Train=10,138 pos=52.6%  Val=1,127 pos=52.6%
[auto_loss] n=10,138  min_class_rate=47.4%  → loss=weighted_ce
  class_weights=[1.0547232627868652, 0.9506751894950867]
Epoch 001/20  train_loss=0.7324  train_acc=0.5441  |  val_loss=0.6366  val_auc=0.7197
Epoch 002/20  train_loss=0.6782  train_acc=0.6045  |  val_loss=0.6360  val_auc=0.7354
Epoch 003/20  train_loss=0.6553  train_acc=0.6315  |  val_loss=0.6228  val_auc=0.7561
Epoch 004/20  train_loss=0.6367  train_acc=0.6532  |  val_loss=0.5858  val_auc=0.7858
Epoch 005/20  train_loss=0.6013  train_acc=0.6866  |  val_loss=0.5153  val_auc=0.8296
Epoch 006/20  train_loss=0.5233  train_acc=0.7505  |  val_loss=0.4113  val_auc=0.9018
Epoch 007/20  train_loss=0.4419  train_acc=0.8019  |  val_loss=0.3794  val_auc=0.9166
Epoch 008/20  train_loss=0.4131  train_acc=0.8185  |  val_loss=0.3785  val_auc=0.9232
Epoch 009/20  train_loss=0.3917  train_acc=0.8266  |  val_loss=0.3836  val_auc=0.9262
Epoch 010/20  train_loss=0.3738  train_acc=0.8383  |  val_loss=0.3775  val_auc=0.9305
Epoch 011/20  train_loss=0.3675  train_acc=0.8411  |  val_loss=0.3685  val_auc=0.9336
Epoch 012/20  train_loss=0.3603  train_acc=0.8465  |  val_loss=0.3515  val_auc=0.9363
Epoch 013/20  train_loss=0.3551  train_acc=0.8460  |  val_loss=0.3524  val_auc=0.9384
Epoch 014/20  train_loss=0.3501  train_acc=0.8497  |  val_loss=0.3460  val_auc=0.9402
Epoch 015/20  train_loss=0.3431  train_acc=0.8542  |  val_loss=0.3935  val_auc=0.9403
Epoch 016/20  train_loss=0.3373  train_acc=0.8572  |  val_loss=0.3230  val_auc=0.9435
Epoch 017/20  train_loss=0.3335  train_acc=0.8595  |  val_loss=0.3709  val_auc=0.9440
Epoch 018/20  train_loss=0.3318  train_acc=0.8616  |  val_loss=0.3214  val_auc=0.9452
Epoch 019/20  train_loss=0.3340  train_acc=0.8620  |  val_loss=0.3442  val_auc=0.9461
Epoch 020/20  train_loss=0.3147  train_acc=0.8688  |  val_loss=0.3262  val_auc=0.9480
  → Best weights restored  (val_auc=0.9480)
  Fold 5 → AUC=0.9480  Acc=0.8802  F1=0.8793  Prec=0.8863  Rec=0.8802  Rec(Fail)=0.8034
  [preds] Fold 5 → fold_preds_psr_filter_ablang_transformer_lm_ipi_psr_trainset_fold5_k10.csv

── Fold 6/10 ──
  Train=10,139 pos=52.6%  Val=1,126 pos=52.6%
[auto_loss] n=10,139  min_class_rate=47.4%  → loss=weighted_ce
  class_weights=[1.054827332496643, 0.9505906701087952]
Epoch 001/20  train_loss=0.7500  train_acc=0.5443  |  val_loss=0.6058  val_auc=0.7379
Epoch 002/20  train_loss=0.6953  train_acc=0.5939  |  val_loss=0.6082  val_auc=0.7559
Epoch 003/20  train_loss=0.6711  train_acc=0.6241  |  val_loss=0.5938  val_auc=0.7821
Epoch 004/20  train_loss=0.6364  train_acc=0.6561  |  val_loss=0.5535  val_auc=0.8172
Epoch 005/20  train_loss=0.6014  train_acc=0.6920  |  val_loss=0.4684  val_auc=0.8625
Epoch 006/20  train_loss=0.5241  train_acc=0.7460  |  val_loss=0.3583  val_auc=0.9308
Epoch 007/20  train_loss=0.4299  train_acc=0.8077  |  val_loss=0.3326  val_auc=0.9383
Epoch 008/20  train_loss=0.3924  train_acc=0.8228  |  val_loss=0.3423  val_auc=0.9469
Epoch 009/20  train_loss=0.3835  train_acc=0.8310  |  val_loss=0.3112  val_auc=0.9468
Epoch 010/20  train_loss=0.3741  train_acc=0.8392  |  val_loss=0.3241  val_auc=0.9487
Epoch 011/20  train_loss=0.3631  train_acc=0.8398  |  val_loss=0.3041  val_auc=0.9516
Epoch 012/20  train_loss=0.3590  train_acc=0.8433  |  val_loss=0.2926  val_auc=0.9513
Epoch 013/20  train_loss=0.3500  train_acc=0.8519  |  val_loss=0.3153  val_auc=0.9525
Epoch 014/20  train_loss=0.3426  train_acc=0.8542  |  val_loss=0.2964  val_auc=0.9527
Epoch 015/20  train_loss=0.3436  train_acc=0.8538  |  val_loss=0.2889  val_auc=0.9533
Epoch 016/20  train_loss=0.3334  train_acc=0.8557  |  val_loss=0.2895  val_auc=0.9547
Epoch 017/20  train_loss=0.3371  train_acc=0.8572  |  val_loss=0.3075  val_auc=0.9550
Epoch 018/20  train_loss=0.3261  train_acc=0.8626  |  val_loss=0.3377  val_auc=0.9551
Epoch 019/20  train_loss=0.3279  train_acc=0.8631  |  val_loss=0.3111  val_auc=0.9554
Epoch 020/20  train_loss=0.3271  train_acc=0.8659  |  val_loss=0.3014  val_auc=0.9556
  → Best weights restored  (val_auc=0.9556)
  Fold 6 → AUC=0.9556  Acc=0.8979  F1=0.8971  Prec=0.9045  Rec=0.8979  Rec(Fail)=0.8221
  [preds] Fold 6 → fold_preds_psr_filter_ablang_transformer_lm_ipi_psr_trainset_fold6_k10.csv

── Fold 7/10 ──
  Train=10,139 pos=52.6%  Val=1,126 pos=52.6%
[auto_loss] n=10,139  min_class_rate=47.4%  → loss=weighted_ce
  class_weights=[1.054827332496643, 0.9505906701087952]
Epoch 001/20  train_loss=0.7562  train_acc=0.5284  |  val_loss=0.6249  val_auc=0.7253
Epoch 002/20  train_loss=0.7005  train_acc=0.5817  |  val_loss=0.6359  val_auc=0.7395
Epoch 003/20  train_loss=0.6794  train_acc=0.6189  |  val_loss=0.6341  val_auc=0.7583
Epoch 004/20  train_loss=0.6590  train_acc=0.6324  |  val_loss=0.6132  val_auc=0.7788
Epoch 005/20  train_loss=0.6361  train_acc=0.6553  |  val_loss=0.5718  val_auc=0.8079
Epoch 006/20  train_loss=0.5870  train_acc=0.6984  |  val_loss=0.5068  val_auc=0.8544
Epoch 007/20  train_loss=0.5159  train_acc=0.7540  |  val_loss=0.4309  val_auc=0.9198
Epoch 008/20  train_loss=0.4336  train_acc=0.8087  |  val_loss=0.4156  val_auc=0.9261
Epoch 009/20  train_loss=0.3988  train_acc=0.8228  |  val_loss=0.3911  val_auc=0.9322
Epoch 010/20  train_loss=0.3919  train_acc=0.8282  |  val_loss=0.4105  val_auc=0.9329
Epoch 011/20  train_loss=0.3724  train_acc=0.8407  |  val_loss=0.3853  val_auc=0.9363
Epoch 012/20  train_loss=0.3649  train_acc=0.8424  |  val_loss=0.4008  val_auc=0.9392
Epoch 013/20  train_loss=0.3570  train_acc=0.8467  |  val_loss=0.3843  val_auc=0.9410
Epoch 014/20  train_loss=0.3483  train_acc=0.8500  |  val_loss=0.3845  val_auc=0.9401
Epoch 015/20  train_loss=0.3503  train_acc=0.8517  |  val_loss=0.3778  val_auc=0.9386
Epoch 016/20  train_loss=0.3472  train_acc=0.8517  |  val_loss=0.3716  val_auc=0.9420
Epoch 017/20  train_loss=0.3430  train_acc=0.8539  |  val_loss=0.3716  val_auc=0.9397
Epoch 018/20  train_loss=0.3296  train_acc=0.8611  |  val_loss=0.3720  val_auc=0.9419
Epoch 019/20  train_loss=0.3261  train_acc=0.8660  |  val_loss=0.3553  val_auc=0.9435
Epoch 020/20  train_loss=0.3215  train_acc=0.8628  |  val_loss=0.3686  val_auc=0.9410
  → Best weights restored  (val_auc=0.9435)
  Fold 7 → AUC=0.9435  Acc=0.8721  F1=0.8709  Prec=0.8797  Rec=0.8721  Rec(Fail)=0.7865
  [preds] Fold 7 → fold_preds_psr_filter_ablang_transformer_lm_ipi_psr_trainset_fold7_k10.csv

── Fold 8/10 ──
  Train=10,139 pos=52.6%  Val=1,126 pos=52.6%
[auto_loss] n=10,139  min_class_rate=47.4%  → loss=weighted_ce
  class_weights=[1.054827332496643, 0.9505906701087952]
Epoch 001/20  train_loss=0.7347  train_acc=0.5587  |  val_loss=0.6551  val_auc=0.7043
Epoch 002/20  train_loss=0.6959  train_acc=0.5997  |  val_loss=0.6802  val_auc=0.7293
Epoch 003/20  train_loss=0.6713  train_acc=0.6265  |  val_loss=0.6494  val_auc=0.7532
Epoch 004/20  train_loss=0.6488  train_acc=0.6439  |  val_loss=0.6054  val_auc=0.7824
Epoch 005/20  train_loss=0.6162  train_acc=0.6753  |  val_loss=0.5523  val_auc=0.8159
Epoch 006/20  train_loss=0.5595  train_acc=0.7217  |  val_loss=0.4413  val_auc=0.8675
Epoch 007/20  train_loss=0.4545  train_acc=0.7930  |  val_loss=0.3803  val_auc=0.9264
Epoch 008/20  train_loss=0.4044  train_acc=0.8192  |  val_loss=0.3871  val_auc=0.9354
Epoch 009/20  train_loss=0.3867  train_acc=0.8306  |  val_loss=0.3740  val_auc=0.9391
Epoch 010/20  train_loss=0.3773  train_acc=0.8330  |  val_loss=0.3602  val_auc=0.9424
Epoch 011/20  train_loss=0.3669  train_acc=0.8394  |  val_loss=0.3460  val_auc=0.9433
Epoch 012/20  train_loss=0.3578  train_acc=0.8457  |  val_loss=0.3608  val_auc=0.9457
Epoch 013/20  train_loss=0.3467  train_acc=0.8511  |  val_loss=0.3646  val_auc=0.9448
Epoch 014/20  train_loss=0.3504  train_acc=0.8468  |  val_loss=0.3540  val_auc=0.9478
Epoch 015/20  train_loss=0.3425  train_acc=0.8535  |  val_loss=0.3429  val_auc=0.9496
Epoch 016/20  train_loss=0.3387  train_acc=0.8568  |  val_loss=0.3495  val_auc=0.9493
Epoch 017/20  train_loss=0.3301  train_acc=0.8576  |  val_loss=0.3432  val_auc=0.9512
Epoch 018/20  train_loss=0.3280  train_acc=0.8636  |  val_loss=0.3215  val_auc=0.9519
Epoch 019/20  train_loss=0.3263  train_acc=0.8637  |  val_loss=0.3168  val_auc=0.9530
Epoch 020/20  train_loss=0.3214  train_acc=0.8661  |  val_loss=0.3132  val_auc=0.9535
  → Best weights restored  (val_auc=0.9535)
  Fold 8 → AUC=0.9535  Acc=0.8801  F1=0.8795  Prec=0.8832  Rec=0.8801  Rec(Fail)=0.8221
  [preds] Fold 8 → fold_preds_psr_filter_ablang_transformer_lm_ipi_psr_trainset_fold8_k10.csv

── Fold 9/10 ──
  Train=10,139 pos=52.6%  Val=1,126 pos=52.6%
[auto_loss] n=10,139  min_class_rate=47.4%  → loss=weighted_ce
  class_weights=[1.054827332496643, 0.9505906701087952]
Epoch 001/20  train_loss=0.7459  train_acc=0.5321  |  val_loss=0.6234  val_auc=0.7103
Epoch 002/20  train_loss=0.7033  train_acc=0.5773  |  val_loss=0.6303  val_auc=0.7227
Epoch 003/20  train_loss=0.6739  train_acc=0.6145  |  val_loss=0.6231  val_auc=0.7417
Epoch 004/20  train_loss=0.6531  train_acc=0.6359  |  val_loss=0.5975  val_auc=0.7640
Epoch 005/20  train_loss=0.6242  train_acc=0.6579  |  val_loss=0.5664  val_auc=0.7957
Epoch 006/20  train_loss=0.5774  train_acc=0.7042  |  val_loss=0.4917  val_auc=0.8433
Epoch 007/20  train_loss=0.4904  train_acc=0.7713  |  val_loss=0.4048  val_auc=0.9062
Epoch 008/20  train_loss=0.4200  train_acc=0.8125  |  val_loss=0.3988  val_auc=0.9136
Epoch 009/20  train_loss=0.3987  train_acc=0.8218  |  val_loss=0.3798  val_auc=0.9195
Epoch 010/20  train_loss=0.3762  train_acc=0.8336  |  val_loss=0.4069  val_auc=0.9221
Epoch 011/20  train_loss=0.3630  train_acc=0.8429  |  val_loss=0.3913  val_auc=0.9263
Epoch 012/20  train_loss=0.3565  train_acc=0.8465  |  val_loss=0.3737  val_auc=0.9294
Epoch 013/20  train_loss=0.3516  train_acc=0.8475  |  val_loss=0.3927  val_auc=0.9296
Epoch 014/20  train_loss=0.3440  train_acc=0.8519  |  val_loss=0.3726  val_auc=0.9334
Epoch 015/20  train_loss=0.3443  train_acc=0.8520  |  val_loss=0.3707  val_auc=0.9346
Epoch 016/20  train_loss=0.3346  train_acc=0.8549  |  val_loss=0.3835  val_auc=0.9361
Epoch 017/20  train_loss=0.3287  train_acc=0.8578  |  val_loss=0.3534  val_auc=0.9389
Epoch 018/20  train_loss=0.3237  train_acc=0.8621  |  val_loss=0.3733  val_auc=0.9392
Epoch 019/20  train_loss=0.3240  train_acc=0.8649  |  val_loss=0.3454  val_auc=0.9415
Epoch 020/20  train_loss=0.3187  train_acc=0.8648  |  val_loss=0.3549  val_auc=0.9412
  → Best weights restored  (val_auc=0.9415)
  Fold 9 → AUC=0.9415  Acc=0.8774  F1=0.8770  Prec=0.8793  Rec=0.8774  Rec(Fail)=0.8296
  [preds] Fold 9 → fold_preds_psr_filter_ablang_transformer_lm_ipi_psr_trainset_fold9_k10.csv

── Fold 10/10 ──
  Train=10,139 pos=52.6%  Val=1,126 pos=52.6%
[auto_loss] n=10,139  min_class_rate=47.4%  → loss=weighted_ce
  class_weights=[1.054827332496643, 0.9505906701087952]
Epoch 001/20  train_loss=0.7810  train_acc=0.5113  |  val_loss=0.6067  val_auc=0.7418
Epoch 002/20  train_loss=0.7121  train_acc=0.5791  |  val_loss=0.5988  val_auc=0.7608
Epoch 003/20  train_loss=0.6947  train_acc=0.6009  |  val_loss=0.5926  val_auc=0.7782
Epoch 004/20  train_loss=0.6615  train_acc=0.6347  |  val_loss=0.5599  val_auc=0.8030
Epoch 005/20  train_loss=0.6486  train_acc=0.6453  |  val_loss=0.5312  val_auc=0.8281
Epoch 006/20  train_loss=0.6062  train_acc=0.6844  |  val_loss=0.4586  val_auc=0.8704
Epoch 007/20  train_loss=0.5265  train_acc=0.7465  |  val_loss=0.3769  val_auc=0.9223
Epoch 008/20  train_loss=0.4427  train_acc=0.8071  |  val_loss=0.3507  val_auc=0.9349
Epoch 009/20  train_loss=0.4095  train_acc=0.8141  |  val_loss=0.3371  val_auc=0.9398
Epoch 010/20  train_loss=0.3987  train_acc=0.8230  |  val_loss=0.3377  val_auc=0.9428
Epoch 011/20  train_loss=0.3915  train_acc=0.8243  |  val_loss=0.3376  val_auc=0.9440
Epoch 012/20  train_loss=0.3812  train_acc=0.8338  |  val_loss=0.3320  val_auc=0.9446
Epoch 013/20  train_loss=0.3694  train_acc=0.8403  |  val_loss=0.3359  val_auc=0.9461
Epoch 014/20  train_loss=0.3580  train_acc=0.8451  |  val_loss=0.2991  val_auc=0.9488
Epoch 015/20  train_loss=0.3550  train_acc=0.8458  |  val_loss=0.3284  val_auc=0.9507
Epoch 016/20  train_loss=0.3487  train_acc=0.8533  |  val_loss=0.3032  val_auc=0.9526
Epoch 017/20  train_loss=0.3450  train_acc=0.8496  |  val_loss=0.2906  val_auc=0.9538
Epoch 018/20  train_loss=0.3416  train_acc=0.8554  |  val_loss=0.3320  val_auc=0.9551
Epoch 019/20  train_loss=0.3326  train_acc=0.8609  |  val_loss=0.3011  val_auc=0.9549
Epoch 020/20  train_loss=0.3347  train_acc=0.8565  |  val_loss=0.2983  val_auc=0.9571
  → Best weights restored  (val_auc=0.9571)
  Fold 10 → AUC=0.9571  Acc=0.9005  F1=0.8998  Prec=0.9066  Rec=0.9005  Rec(Fail)=0.8277
  [preds] Fold 10 → fold_preds_psr_filter_ablang_transformer_lm_ipi_psr_trainset_fold10_k10.csv

[kfold] ROC plot → /Users/Hoan.Nguyen/ComBio/MachineLearning/IPIPred/SEC/models_final/CV_ROC_psr_filter_ablang_transformer_lm_ipi_psr_trainset_k10.png
[kfold] Combined fold predictions → /Users/Hoan.Nguyen/ComBio/MachineLearning/IPIPred/SEC/models_final/fold_preds_psr_filter_ablang_transformer_lm_ipi_psr_trainset_k10.csv
[kfold] Best fold → /Users/Hoan.Nguyen/ComBio/MachineLearning/IPIPred/SEC/models_final/BEST_psr_filter_ablang_transformer_lm_ipi_psr_trainset_k10_fold10.pt  (fold=10, AUC=0.9571)

══════════════════════════════════════════════════════════════
  10-FOLD CV RESULTS — PSR_FILTER
──────────────────────────────────────────────────────────────
  Best fold : 10  (AUC=0.9571)
  Mean AUC  : 0.9461 ± 0.0065
  Mean Acc  : 0.8826
  Mean F1   : 0.8819
  Mean Prec : 0.8872
  Mean Rec  : 0.8826  (Pass class)
  Rec(Fail) : 0.8169  ← minority class recall (class 0)
══════════════════════════════════════════════════════════════

[threshold] Starting optimisation  ···

════════════════════════════════════════════════════════════
  Threshold Report  |  target=psr_filter  lm=ablang
  n=11,265  pos_rate=52.6%  min_class_rate=47.4%
════════════════════════════════════════════════════════════
[threshold] auto → method='youden'  min_class_rate=47.4%
  auto                    thresh=0.586  sens=0.931  spec=0.831  prec=0.860  F1=0.894  F2=0.916
  youden                  thresh=0.586  sens=0.931  spec=0.831  prec=0.860  F1=0.894  F2=0.916
  f1                      thresh=0.438  sens=0.949  spec=0.810  prec=0.847  F1=0.895  F2=0.927
  f2                      thresh=0.019  sens=0.988  spec=0.712  prec=0.792  F1=0.879  F2=0.941
  f0.5                    thresh=0.844  sens=0.839  spec=0.897  prec=0.901  F1=0.869  F2=0.851
  f2.0                    thresh=0.019  sens=0.988  spec=0.712  prec=0.792  F1=0.879  F2=0.941
  recall≥90%              thresh=0.722  sens=0.900  spec=0.858  prec=0.875  F1=0.888  F2=0.895
  prec≥80%                thresh=0.035  sens=0.983  spec=0.728  prec=0.801  F1=0.883  F2=0.940
  cost(fp=1.0,fn=3.0)     thresh=0.029  sens=0.985  spec=0.723  prec=0.798  F1=0.882  F2=0.941

────────────────────────────────────────────────────────────────────────
  Method                    Thresh    Sens    Spec    Prec      F1      F2
────────────────────────────────────────────────────────────────────────
  auto                       0.586   0.931   0.831   0.860   0.894   0.916
  youden                     0.586   0.931   0.831   0.860   0.894   0.916
  f1                         0.438   0.949   0.810   0.847   0.895   0.927
  f2                         0.019   0.988   0.712   0.792   0.879   0.941
  f0.5                       0.844   0.839   0.897   0.901   0.869   0.851
  f2.0                       0.019   0.988   0.712   0.792   0.879   0.941
  recall≥90%                 0.722   0.900   0.858   0.875   0.888   0.895
  prec≥80%                   0.035   0.983   0.728   0.801   0.883   0.940
  cost(fp=1.0,fn=3.0)        0.029   0.985   0.723   0.798   0.882   0.941
────────────────────────────────────────────────────────────────────────

  Recommendation for your datasets:
    IPI PSR  (~52/48%)  → use  youden  t=0.586
    IPI SEC  (~79/21%)  → use  f2      t=0.019
    DS1      (~53/47%)  → use  f1      t=0.438

  Saved:
    thresh_report_psr_filter_ablang_transformer_lm_ipi_psr_trainset_k10.png
    thresh_report_psr_filter_ablang_transformer_lm_ipi_psr_trainset_k10_sweep.csv
    thresh_report_psr_filter_ablang_transformer_lm_ipi_psr_trainset_k10.json

[threshold_stability]  fold_preds_psr_filter_ablang_transformer_lm_ipi_psr_trainset_k10.csv
  Folds: [1, 2, 3, 4, 5, 6, 7, 8, 9, 10]  |  method=auto
[threshold] auto → method='youden'  min_class_rate=47.4%
  Fold 1    thresh=0.540  sens=0.943  spec=0.831  F1=0.900  F2=0.925
[threshold] auto → method='youden'  min_class_rate=47.4%
  Fold 2    thresh=0.624  sens=0.917  spec=0.828  F1=0.885  F2=0.904
[threshold] auto → method='youden'  min_class_rate=47.4%
  Fold 3    thresh=0.656  sens=0.902  spec=0.878  F1=0.897  F2=0.900
[threshold] auto → method='youden'  min_class_rate=47.4%
  Fold 4    thresh=0.609  sens=0.912  spec=0.837  F1=0.886  F2=0.902
[threshold] auto → method='youden'  min_class_rate=47.4%
  Fold 5    thresh=0.694  sens=0.922  spec=0.837  F1=0.892  F2=0.910
[threshold] auto → method='youden'  min_class_rate=47.4%
  Fold 6    thresh=0.639  sens=0.953  spec=0.846  F1=0.911  F2=0.936
[threshold] auto → method='youden'  min_class_rate=47.4%
  Fold 7    thresh=0.833  sens=0.894  spec=0.865  F1=0.887  F2=0.891
[threshold] auto → method='youden'  min_class_rate=47.4%
  Fold 8    thresh=0.690  sens=0.904  spec=0.869  F1=0.894  F2=0.900
[threshold] auto → method='youden'  min_class_rate=47.4%
  Fold 9    thresh=0.438  sens=0.936  spec=0.824  F1=0.894  F2=0.918
[threshold] auto → method='youden'  min_class_rate=47.4%
  Fold 10   thresh=0.806  sens=0.917  spec=0.882  F1=0.907  F2=0.913
[threshold] auto → method='youden'  min_class_rate=47.4%

  Per-fold thresholds : ['0.540', '0.624', '0.656', '0.609', '0.694', '0.639', '0.833', '0.690', '0.438', '0.806']
  Mean ± std          : 0.653 ± 0.110
  Pooled OOF thresh   : 0.586
  Stability           : ✗ UNSTABLE — model is sensitive to data split; inspect folds
  Plot saved → /Users/Hoan.Nguyen/ComBio/MachineLearning/IPIPred/SEC/models_final/thresh_stability_psr_filter_ablang_transformer_lm_ipi_psr_trainset_k10_auto.png
[embed_threshold] /Users/Hoan.Nguyen/ComBio/MachineLearning/IPIPred/SEC/models_final/BEST_psr_filter_ablang_transformer_lm_ipi_psr_trainset_k10_fold10.pt
  recommended_threshold = 0.5863  (method=auto)
